// Jest Snapshot v1, https://jestjs.io/docs/snapshot-testing

exports[`PrintResume matches snapshot 1`] = `
<DocumentFragment>
  <div
    aria-hidden="true"
    id="print-resume"
  >
    <div>
      <div>
        <img
          alt="Tony Wangolo Inganga"
          height="90"
          src="/tony.jpeg"
          width="90"
        />
      </div>
      <div>
        <h1>
          Tony Wangolo Inganga
        </h1>
        <p>
          Software Engineer | 1.5+ Years Experience
        </p>
        <p>
          Nairobi, Kenya | +254 111 414 441 | 
          <a
            href="mailto:wangolotony4@gmail.com"
          >
            wangolotony4@gmail.com
          </a>
        </p>
        <ul>
          <li>
            <span>
              Portfolio:
            </span>
             
            <a
              href="https://tony-three.vercel.app"
              rel="noopener noreferrer"
              target="_blank"
            >
              https://tony-three.vercel.app
            </a>
          </li>
          <li>
            <span>
              GitHub:
            </span>
             
            <a
              href="https://github.com/captainblair"
              rel="noopener noreferrer"
              target="_blank"
            >
              https://github.com/captainblair
            </a>
          </li>
          <li>
            <span>
              LinkedIn:
            </span>
             
            <a
              href="https://www.linkedin.com/in/tony-wangolo-545b23285/"
              rel="noopener noreferrer"
              target="_blank"
            >
              https://www.linkedin.com/in/tony-wangolo-545b23285/
            </a>
          </li>
        </ul>
      </div>
    </div>
    <p>
      Highly motivated Full Stack Software Engineer specializing in scalable backend architecture, robust relational database design, and end-to-end web deployment ecosystems. Proven track record of developing production-ready systems using Python (Django | Flask) and JavaScript | TypeScript. Adept at creating optimized data structures, implementing secure Role-Based Access Control (RBAC), and maximizing software utility under cloud infrastructure resource constraints.
    </p>
    <div>
      <div>
        <h2>
          Core Production Projects
        </h2>
        <div>
          <h3>
            SchoolSys | School Management & Operations Platform
          </h3>
          <p>
            <span>
              Technical Stack:
            </span>
             Python | Django | PostgreSQL | Render | TailwindCSS
          </p>
          <p>
            Built and shipped a production-ready, full-stack enterprise school administration platform. Architected granular role-based dashboards to manage multi-tiered user streams (students, teachers, administrators). Optimized database schemas for tracking profile approvals, attendance, financial fee records, and library loans into a unified platform.
          </p>
          <p>
            <span>
              Live Link:
            </span>
             
            <a
              href="https://schoolsys-00mj.onrender.com/"
              rel="noopener noreferrer"
              target="_blank"
            >
              https://schoolsys-00mj.onrender.com/
            </a>
          </p>
          <p>
            <span>
              Repository:
            </span>
             
            <a
              href="https://github.com/captainblair/schoolsys1"
              rel="noopener noreferrer"
              target="_blank"
            >
              https://github.com/captainblair/schoolsys1
            </a>
          </p>
        </div>
        <div>
          <h3>
            Ustawi | The Smart Rental & Property Platform
          </h3>
          <p>
            <span>
              Technical Stack:
            </span>
             Python | Django | Next.js | PostgreSQL (Neon Serverless) | Vercel
          </p>
          <p>
            Developed a full-stack, two-sided rental marketplace matching tenants with property managers. Optimized database queries and implemented serverless PostgreSQL schema connections to scale performance metrics efficiently while respecting tight environment resource baselines.
          </p>
          <p>
            <span>
              Live Link:
            </span>
             
            <a
              href="https://ustawi-1.vercel.app/"
              rel="noopener noreferrer"
              target="_blank"
            >
              https://ustawi-1.vercel.app/
            </a>
          </p>
          <p>
            <span>
              Repository:
            </span>
             
            <a
              href="https://github.com/captainblair/USTAWI1"
              rel="noopener noreferrer"
              target="_blank"
            >
              https://github.com/captainblair/USTAWI1
            </a>
          </p>
        </div>
        <h2>
          Professional Experience
        </h2>
        <div>
          <div>
            <span>
              January 2026 | Present | Nairobi, Kenya
            </span>
          </div>
          <h3>
            ICT Lead 
            <span>
              | ODM Comrades Chapter
            </span>
          </h3>
          <ul>
            <li>
              Led frontend engineering for a centralized university digital registration platform built with PHP and Laravel, delivering responsive, role-aware interfaces and multi-step registration workflows that supported secure onboarding of 800+ active student records with zero downtime.
            </li>
            <li>
              Engineered client-side validation layers, dashboard UI components, and data capture flows across multi-campus university ecosystems, improving operational data extraction efficiency by 40%.
            </li>
            <li>
              Collaborated with backend engineers to integrate Laravel REST endpoints and structure high-volume concurrent submission interfaces with clean, maintainable frontend architecture.
            </li>
          </ul>
        </div>
        <div>
          <div>
            <span>
              2024 | Present
            </span>
          </div>
          <h3>
            Freelance Full Stack Developer 
            <span>
              | Remote
            </span>
          </h3>
          <ul>
            <li>
              Architected, tested, and deployed end-to-end full-stack web platforms using Python (Flask | Django), Streamlit, and MySQL, focusing heavily on secure authentication modules and robust backend query structures.
            </li>
            <li>
              Implemented machine learning and analytical models into custom dashboard interfaces, providing automated decision support tools and predictive analysis layers for localized business platforms.
            </li>
            <li>
              Authored clean, maintainable, and reusable codebase patterns, collaborating iteratively to integrate frontend responsive designs with complex relational data systems.
            </li>
          </ul>
        </div>
        <div>
          <div>
            <span>
              January 2025 | June 2026 | Nairobi, Kenya
            </span>
          </div>
          <h3>
            Volunteer Computer Skills Trainer 
            <span>
              | LEA Organization
            </span>
          </h3>
          <ul>
            <li>
              Upskilled and trained over 50 community members in digital literacy, version control fundamentals utilizing Git | GitHub, and core programming paradigms.
            </li>
            <li>
              Orchestrated technical engineering workshops, guiding junior learners through local workflow environments, structural web basics, and clean programming code principles.
            </li>
          </ul>
        </div>
        <h2>
          Education
        </h2>
        <div>
          <div>
            <span>
              Expected Graduation | 2027
            </span>
          </div>
          <h3>
            Bachelor of Technology | Communications and Computer Networks
          </h3>
          <p>
            Technical University of Kenya
          </p>
        </div>
        <div>
          <div>
            <span>
              Graduated 2025
            </span>
          </div>
          <h3>
            Professional Backend Web Development Certification
          </h3>
          <p>
            ALX Africa
          </p>
        </div>
        <div>
          <div>
            <span>
              Graduated 2025
            </span>
          </div>
          <h3>
            Backend Web Development
          </h3>
          <p>
            ALX Africa
          </p>
        </div>
        <div>
          <div>
            <span>
              Graduated 2025
            </span>
          </div>
          <h3>
            Artificial Intelligence (AI)
          </h3>
          <p>
            ALX Africa
          </p>
        </div>
      </div>
      <div>
        <h2>
          Technical Skills
        </h2>
        <div>
          <h3>
            Languages
          </h3>
          <p>
            Python | JavaScript | TypeScript | PHP | SQL | HTML5 | CSS3 | SASS
          </p>
        </div>
        <div>
          <h3>
            Frameworks & Libraries
          </h3>
          <p>
            Django | Flask | Next.js | React | Laravel | TailwindCSS | Streamlit | Redux
          </p>
        </div>
        <div>
          <h3>
            Databases & Storage
          </h3>
          <p>
            PostgreSQL | MySQL | SQL Server | Supabase
          </p>
        </div>
        <div>
          <h3>
            Infrastructure & DevOps
          </h3>
          <p>
            Docker | Linux | Git | GitHub Actions | Jenkins | Render | Vercel
          </p>
        </div>
        <div>
          <h3>
            Core Competencies
          </h3>
          <p>
            API Design | Role-Based Access Control (RBAC) | Data Analysis | System Architecture
          </p>
        </div>
      </div>
    </div>
  </div>
</DocumentFragment>
`;
