// Jest Snapshot v1, https://jestjs.io/docs/snapshot-testing

exports[`PrintResume matches snapshot 1`] = `
<DocumentFragment>
  <div
    aria-hidden="true"
    id="print-resume"
  >
    <div>
      <div>
        <img
          alt="Tony Wangolo Inganga"
          data-testid="project-image"
          src="mocked-tony.jpeg"
        />
      </div>
      <div>
        <h1>
          Tony Wangolo Inganga
        </h1>
        <p>
          Software Engineer
        </p>
        <p>
          Nairobi, Kenya | +254 111 414 441 | wangolotony4@gmail.com
        </p>
        <ul>
          <li>
            <span>
              GitHub:
            </span>
             
            <span>
              github.com/captainblair
            </span>
          </li>
          <li>
            <span>
              LinkedIn:
            </span>
             
            <span>
              linkedin.com/in/tony-wangolo-545b23285
            </span>
          </li>
          <li>
            <span>
              X:
            </span>
             
            <span>
              x.com/Tony_Blair01
            </span>
          </li>
        </ul>
      </div>
    </div>
    <p>
      Highly motivated Full Stack Software Engineer with a strong foundation in backend development and system architecture. Proven ability to design and deploy scalable web applications using Python, PHP, Django, and Flask. Experienced in building RESTful APIs, managing MySQL databases, and collaborating in Agile environments to deliver secure, efficient, and user-focused software solutions.
    </p>
    <div>
      <div>
        <h2>
          Professional Experience
        </h2>
        <div>
          <div>
            <span>
              January 2026 – Present
            </span>
          </div>
          <h3>
            ICT Lead 
            <span>
              | ODM Comrades Chapter
            </span>
          </h3>
          <p>
            Spearheaded the engineering and development of a centralized digital system used by the chapter to support student registration across multiple universities. Managed large-scale user data to improve operational efficiency and streamline organizational workflows.
          </p>
        </div>
        <div>
          <div>
            <span>
              2024 – Present
            </span>
          </div>
          <h3>
            Freelance Full Stack Developer 
            <span>
              | Remote
            </span>
          </h3>
          <p>
            Developed and deployed full-stack web applications using Python, Flask/Django, Streamlit, and MySQL, focusing on authentication systems, database design, and scalable backend architecture. Built and integrated user-centric platforms supporting data management, registration systems, and service-based matching systems. Contributed to systems involving data analysis and machine learning integration for real-world applications including prediction models and decision-support tools.
          </p>
        </div>
        <div>
          <div>
            <span>
              2024 – Present
            </span>
          </div>
          <h3>
            Volunteer Computer Skills Trainer 
            <span>
              | LEA Organization
            </span>
          </h3>
          <p>
            Empowered community members by teaching digital literacy, foundational programming concepts, and version control using Git and GitHub. Facilitated technical workshops to build proficiency in modern office tools and web development fundamentals.
          </p>
        </div>
        <h2>
          Education
        </h2>
        <div>
          <div>
            <span>
              Expected Graduation: 2027
            </span>
          </div>
          <h3>
            Bachelor of Technology: Communications and Computer Networks
          </h3>
          <p>
            Technical University of Kenya
          </p>
        </div>
        <div>
          <div>
            <span>
              Graduated
            </span>
          </div>
          <h3>
            Professional Backend Web Development
          </h3>
          <p>
            ALX Africa
          </p>
        </div>
        <div>
          <div>
            <span>
              Graduated
            </span>
          </div>
          <h3>
            Backend Web Development
          </h3>
          <p>
            ALX Africa
          </p>
        </div>
      </div>
      <div>
        <h2>
          Technical Skills
        </h2>
        <div>
          <h3>
            Languages
          </h3>
          <p>
            Python · PHP · HTML5 · CSS3 · JavaScript · TypeScript
          </p>
        </div>
        <div>
          <h3>
            Frameworks
          </h3>
          <p>
            Django · Flask · Laravel · React · Redux · SASS · TailwindCSS · Streamlit
          </p>
        </div>
        <div>
          <h3>
            Databases
          </h3>
          <p>
            MySQL · SQL Server
          </p>
        </div>
        <div>
          <h3>
            Infrastructure
          </h3>
          <p>
            Docker · Git · Jenkins · Linux · GitHub Actions
          </p>
        </div>
        <div>
          <h3>
            Tools & DevOps
          </h3>
          <p>
            RESTful APIs · XAMPP · venv / pip · PythonAnywhere
          </p>
        </div>
        <div>
          <h3>
            Core Competencies
          </h3>
          <p>
            System Architecture · RBAC · Data Analysis · Technical Training · Leadership
          </p>
        </div>
      </div>
    </div>
  </div>
</DocumentFragment>
`;
