// Jest Snapshot v1, https://jestjs.io/docs/snapshot-testing

exports[`PrintResume matches snapshot 1`] = `
<DocumentFragment>
  <div
    aria-hidden="true"
    id="print-resume"
    inert=""
  >
    <div>
      <div>
        <img
          alt="Tony Wangolo Inganga"
          data-testid="project-image"
          src="mocked-tony.jpeg"
        />
      </div>
      <div>
        <h1>
          Tony Wangolo Inganga
        </h1>
        <p>
          Junior Full Stack Developer
        </p>
        <p>
          Nairobi, Kenya | +254 111 414 441 | 
          <a
            href="mailto:wangolotony4@gmail.com"
          >
            wangolotony4@gmail.com
          </a>
        </p>
        <ul>
          <li>
            <span>
              GitHub:
            </span>
             
            <a
              href="https://github.com/captainblair"
              rel="noopener noreferrer"
              target="_blank"
            >
              https://github.com/captainblair
            </a>
          </li>
          <li>
            <span>
              LinkedIn:
            </span>
             
            <a
              href="https://www.linkedin.com/in/tony-wangolo-545b23285/"
              rel="noopener noreferrer"
              target="_blank"
            >
              https://www.linkedin.com/in/tony-wangolo-545b23285/
            </a>
          </li>
        </ul>
      </div>
    </div>
    <p>
      Junior Full Stack Developer specializing in backend development with Python, Django, REST APIs, PostgreSQL, and modern JavaScript frameworks. Experienced in building and deploying practical web applications including management systems, marketplaces, and digital platforms. Skilled in database design, authentication systems, role-based access control, and cloud deployment workflows. Passionate about creating reliable software solutions that solve real-world problems.
    </p>
    <div>
      <div>
        <h2>
          Core Production Projects
        </h2>
        <div>
          <h3>
            SchoolSys | School Management & Operations Platform
          </h3>
          <p>
            <span>
              Technical Stack:
            </span>
             Python | Django | PostgreSQL | Render | Tailwind CSS
          </p>
          <p>
            Built a full-stack school management platform for handling administrative workflows including student records, attendance tracking, fee management, and library operations. Designed Django-based backend systems with role-based access control for different user groups and developed responsive dashboards using Tailwind CSS. Deployed the application using cloud hosting services.
          </p>
          <p>
            <span>
              Live Link:
            </span>
             
            <a
              href="https://schoolsys-00mj.onrender.com/"
              rel="noopener noreferrer"
              target="_blank"
            >
              https://schoolsys-00mj.onrender.com/
            </a>
          </p>
          <p>
            <span>
              Repository:
            </span>
             
            <a
              href="https://github.com/captainblair/schoolsys1"
              rel="noopener noreferrer"
              target="_blank"
            >
              https://github.com/captainblair/schoolsys1
            </a>
          </p>
        </div>
        <div>
          <h3>
            Ustawi | Smart Rental & Property Platform
          </h3>
          <p>
            <span>
              Technical Stack:
            </span>
             Python | Django REST Framework | Next.js | PostgreSQL | Vercel | Neon
          </p>
          <p>
            Developed a full-stack rental platform connecting tenants and property managers. Built backend APIs using Django REST Framework and designed database models for managing users, properties, and rental-related data. Implemented authentication, frontend interfaces, and cloud deployment using modern web technologies.
          </p>
          <p>
            <span>
              Live Link:
            </span>
             
            <a
              href="https://ustawi-1.vercel.app/"
              rel="noopener noreferrer"
              target="_blank"
            >
              https://ustawi-1.vercel.app/
            </a>
          </p>
          <p>
            <span>
              Repository:
            </span>
             
            <a
              href="https://github.com/captainblair/USTAWI1"
              rel="noopener noreferrer"
              target="_blank"
            >
              https://github.com/captainblair/USTAWI1
            </a>
          </p>
        </div>
        <h2>
          Professional Experience
        </h2>
        <div>
          <div>
            <span>
              January 2026 | Present | Nairobi, Kenya
            </span>
          </div>
          <h3>
            ICT Lead (Volunteer) 
            <span>
              | ODM Comrades Chapter
            </span>
          </h3>
          <ul>
            <li>
              Led frontend development for a university digital registration platform built using PHP and Laravel. Designed responsive interfaces, registration workflows, and dashboard components used for managing student records across multiple campuses. Collaborated with other contributors to improve data collection processes and streamline digital registration operations, supporting registration of over 800 students.
            </li>
          </ul>
        </div>
        <div>
          <div>
            <span>
              2024 | Present
            </span>
          </div>
          <h3>
            Freelance Full Stack Developer 
            <span>
              | Remote
            </span>
          </h3>
          <ul>
            <li>
              Built and deployed full-stack web applications using Python, Django, Flask, Streamlit, and MySQL. Developed backend APIs, authentication systems, database structures, and responsive user interfaces for different client and personal projects. Worked across the software development lifecycle including planning, development, testing, deployment, and maintenance.
            </li>
          </ul>
        </div>
        <div>
          <div>
            <span>
              January 2025 | June 2026 | Nairobi, Kenya
            </span>
          </div>
          <h3>
            Volunteer Computer Skills Trainer 
            <span>
              | LEA Organization
            </span>
          </h3>
          <ul>
            <li>
              Trained over 50 community members in digital literacy, Git/GitHub, programming fundamentals, and web development concepts. Conducted practical sessions covering computer skills, development workflows, and basic software engineering practices.
            </li>
          </ul>
        </div>
        <h2>
          Education
        </h2>
        <div>
          <div>
            <span>
              Expected Graduation | 2027
            </span>
          </div>
          <h3>
            Bachelor of Technology | Communications and Computer Networks
          </h3>
          <p>
            Technical University of Kenya
          </p>
        </div>
        <div>
          <div>
            <span>
              Completed
            </span>
          </div>
          <h3>
            Professional Backend Web Development Certification
          </h3>
          <p>
            ALX Africa
          </p>
        </div>
      </div>
      <div>
        <h2>
          Technical Skills
        </h2>
        <div>
          <h3>
            Languages
          </h3>
          <p>
            Python | JavaScript | TypeScript | SQL | PHP | HTML/CSS
          </p>
        </div>
        <div>
          <h3>
            Frameworks & Libraries
          </h3>
          <p>
            Django | Django REST Framework | React | Next.js | Flask | Laravel | Tailwind CSS | Streamlit
          </p>
        </div>
        <div>
          <h3>
            Databases
          </h3>
          <p>
            PostgreSQL | MySQL | Supabase
          </p>
        </div>
        <div>
          <h3>
            Tools & Deployment
          </h3>
          <p>
            Git | GitHub Actions | Docker | Linux | Render | Vercel
          </p>
        </div>
        <div>
          <h3>
            Core Competencies
          </h3>
          <p>
            REST API Development | Database Design | Authentication & Authorization | Role-Based Access Control | Full Stack Development
          </p>
        </div>
      </div>
    </div>
  </div>
</DocumentFragment>
`;
